main.c:77:5:_write	24	static
main.c:113:6:SerialATprintln	40	dynamic
main.c:121:6:hard_reset_mdm	8	static
main.c:127:5:datauart3size	24	static
main.c:134:5:bufsize	24	static
main.c:141:5:bufsizechararray	24	static
main.c:158:6:ATCOMMAND	136	static
main.c:171:6:ATCOMMANDLong	136	static
main.c:184:6:ATCOMMAND_IT	16	static
main.c:189:6:modem_reset_rtos	176	static
main.c:253:6:NBIOT_setup	152	static
main.c:300:6:NBIOT_setup_IT	8	static
main.c:346:6:bearer_config	144	static
main.c:391:6:http_request	192	static
main.c:443:5:main	8	static
main.c:572:6:SystemClock_Config	232	static
main.c:642:13:MX_LPUART1_UART_Init	8	static
main.c:676:13:MX_UART4_Init	8	static
main.c:711:13:MX_UART5_Init	8	static
main.c:746:13:MX_USART1_UART_Init	8	static
main.c:781:13:MX_USART3_UART_Init	8	static
main.c:816:13:MX_GPIO_Init	48	static
main.c:846:6:HAL_UART_RxCpltCallback	24	static
main.c:1032:6:HAL_TIM_PeriodElapsedCallback	16	static
main.c:1049:6:Error_Handler	4	static,ignoring_inline_asm
