core_cm4.h:2059:26:ITM_SendChar	16	static,ignoring_inline_asm
main.c:67:5:_write	32	static
main.c:92:5:main	16	static
main.c:152:6:SystemClock_Config	232	static
main.c:223:13:MX_LPUART1_UART_Init	8	static
main.c:257:13:MX_UART4_Init	8	static
main.c:292:13:MX_UART5_Init	8	static
main.c:327:13:MX_USART1_UART_Init	8	static
main.c:363:13:MX_USART2_UART_Init	8	static
main.c:398:13:MX_USART3_UART_Init	8	static
main.c:433:13:MX_GPIO_Init	48	static
main.c:463:6:HAL_UART_RxCpltCallback	16	static
main.c:503:6:Error_Handler	4	static,ignoring_inline_asm
