edmi_mk6n.h:32:6:dataallclearMK6N	24	static
edmi_mk6n.h:48:6:datastrclearMK6N	16	static
edmi_mk6n.h:56:5:datasizestrMK6N	24	static
edmi_mk6n.h:63:6:data2clearMK6N	16	static
edmi_mk6n.h:71:6:SerialMonprintlnMK6N	40	dynamic
edmi_mk6n.h:176:6:setPaddingMK6N	40	dynamic
edmi_mk6n.h:203:6:removePaddingMK6N	24	static
edmi_mk6n.h:220:6:getRawDataMK6N	16	static
edmi_mk6n.h:235:5:setdatastr	24	static
edmi_mk6n.h:243:6:removeheadcrctailMK6N	24	static
edmi_mk6n.h:259:6:saveSNMK6N	16	static
edmi_mk6n.h:268:14:readSNMK6N	8	static
edmi_mk6n.h:284:6:setSNMK6N	16	static
edmi_mk6n.h:290:6:setCommandMK6N	24	static
edmi_mk6n.h:305:5:readTimeMK6N	8	static
edmi_mk6n.h:324:6:readInstantMK6N	72	static
edmi_mk6n.h:363:6:txInstantMK6N	64	static
edmi_mk6n.h:378:6:parsingDataRawInstantMK6N	32	static
edmi_mk6n.h:397:6:decodeJsonInstantMK6N	24	static
edmi_mk6n.h:405:14:checkregInstant	16	static
edmi_mk6n.h:474:6:decodeInstant	24	static
edmi_mk6n.h:531:14:checkregLPMK6N	16	static
edmi_mk6n.h:599:5:decodelpdata	24	static
edmi_mk6n.h:618:6:readlpMK6N	48	static
edmi_mk6n.h:670:6:txlpMK6NRec	40	static
edmi_mk6n.h:706:6:txlpMK6N	40	static
edmi_mk6n.h:742:6:rxlpMK6N	32	static
edmi_mk6n.h:755:6:lp2JsonMK6N	24	static
edmi_mk6n.h:788:5:readlpInit1MK6N	16	static
edmi_mk6n.h:815:6:txlpInit1MK6N	16	static
edmi_mk6n.h:831:6:rxlpInit1MK6N	16	static
edmi_mk6n.h:840:5:decodelpinit1MK6N	40	static
edmi_mk6n.h:856:5:readlpMK6NInit2	24	static
edmi_mk6n.h:891:6:txlpMK6NInit2	24	static
edmi_mk6n.h:913:6:rxlpMK6NInit2	24	static
edmi_mk6n.h:929:5:readlpMK6NInit2a	24	static
edmi_mk6n.h:964:5:getJumlahChannelMK6N	4	static
edmi_mk6n.h:967:6:txlpMK6NInit2a	24	static
edmi_mk6n.h:987:6:rxlpMK6NInit2a	24	static
edmi_mk6n.h:998:14:checkregEoBInit1	16	static
edmi_mk6n.h:1033:14:checkregEoBRate9	16	static
edmi_mk6n.h:1068:14:checkregEoBRate1	16	static
edmi_mk6n.h:1103:14:checkregEoBRate2	16	static
edmi_mk6n.h:1138:14:checkregEoBRate3	16	static
edmi_mk6n.h:1173:14:checkregEoBRate4	16	static
edmi_mk6n.h:1208:14:checkregEoBRate5	16	static
edmi_mk6n.h:1243:6:readEoB	64	static
edmi_mk6n.h:1291:6:readEoB2	56	static
edmi_mk6n.h:1312:6:readEoB3	32	static
edmi_mk6n.h:1333:6:decodeEoB3	24	static
edmi_mk6n.h:1343:5:readEoBInit1	8	static
edmi_mk6n.h:1360:6:txEoBInit1	8	static
edmi_mk6n.h:1366:6:rxEoBInit1	16	static
edmi_mk6n.h:1378:5:readEoBInit2	8	static
edmi_mk6n.h:1387:6:saveEoBInit1	16	static
edmi_mk6n.h:1395:6:decodeEoB	24	static
edmi_mk10e.h:105:5:datasizestrMK10E	24	static
edmi_mk10e.h:112:6:SerialMonprintlnMK10E	40	dynamic
edmi_mk10e.h:121:6:SerialMtrprintMK10E	24	static
edmi_mk10e.h:125:6:SerialMtrreadMK10E	24	static
edmi_mk10e.h:129:5:bufsizeMK10E	24	static
edmi_mk10e.h:136:6:dataallclearMK10E	24	static
edmi_mk10e.h:152:6:dataclearMK10E	16	static
edmi_mk10e.h:160:6:data2clearMK10E	16	static
edmi_mk10e.h:168:6:datastrclearMK10E	16	static
edmi_mk10e.h:176:6:setPaddingMK10E	40	dynamic
edmi_mk10e.h:203:6:setPaddingMK10ELP	40	dynamic
edmi_mk10e.h:230:6:setCommandMK10E	24	static
edmi_mk10e.h:245:6:setCommandLPMK10E	24	static
edmi_mk10e.h:260:6:removePaddingMK10E	24	static
edmi_mk10e.h:275:6:removeheadcrctailMK10E	24	static
edmi_mk10e.h:291:6:checkcrcMK10E	16	static
edmi_mk10e.h:302:6:getRawDataMK10E	16	static
edmi_mk10e.h:316:6:saveSNMK10E	16	static
edmi_mk10e.h:325:13:readSNMK10E	8	static
edmi_mk10e.h:342:6:txSNMK10E_rtos	8	static
edmi_mk10e.h:348:13:rxSNMK10E_rtos	16	static
edmi_mk10e.h:364:6:readTimeMK10E	8	static
edmi_mk10e.h:395:14:formatInstantMK10E	16	static
edmi_mk10e.h:463:14:formatInstantPFMK10E	16	static
edmi_mk10e.h:483:14:formatLPRegMK10E	16	static
edmi_mk10e.h:517:14:formatLPMK10E	16	static
edmi_mk10e.h:537:6:decodeEobLpinitMK10E	32	static
edmi_mk10e.h:619:6:decodeInstantPFMK10E	24	static
edmi_mk10e.h:652:6:decodeInstantMK10E	32	static
edmi_mk10e.h:713:6:readInstantMK10E	24	static
edmi_mk10e.h:747:6:txInstantMK10E	8	static
edmi_mk10e.h:759:6:rxInstantMK10E	32	static
edmi_mk10e.h:777:6:readInstantPFMK10E	24	static
edmi_mk10e.h:803:6:readLPMK10E	24	static
edmi_mk10e.h:843:6:txLPMK10ERec	24	static
edmi_mk10e.h:864:6:txLPMK10E	24	static
edmi_mk10e.h:885:6:rxLPMK10E	32	static
edmi_mk10e.h:897:6:decodelpscaleMK10E	24	static
edmi_mk10e.h:930:6:decodelpinitMK10E	16	static
edmi_mk10e.h:944:5:decodelpdataMK10E	24	static
edmi_mk10e.h:964:6:lp2JsonMK10E	24	static
edmi_mk10e.h:996:5:readEobLpInitMK10E	8	static
edmi_mk10e.h:1022:6:txEobLpInitMK10E	8	static
edmi_mk10e.h:1035:6:rxEobLpInitMK10E	16	static
edmi_mk10e.h:1041:14:checkregEoBInit1MK10E	16	static
edmi_mk10e.h:1098:13:checkregEoBUnifiedMK10E	16	static
edmi_mk10e.h:1156:14:checkregEoBRate1MK10E	16	static
edmi_mk10e.h:1214:14:checkregEoBRate2MK10E	16	static
edmi_mk10e.h:1272:14:checkregEoBRate3MK10E	16	static
edmi_mk10e.h:1330:14:checkregEoBRate4MK10E	16	static
edmi_mk10e.h:1388:14:checkregEoBRate5MK10E	16	static
edmi_mk10e.h:1446:6:decodeEoBMK10E	24	static
edmi_mk10e.h:1528:14:formatRateMK10E	16	static
edmi_mk10e.h:1561:6:readEoBCurrentMK10E	24	static
edmi_mk10e.h:1596:6:txEoBCurrentMK10E	8	static
edmi_mk10e.h:1608:6:rxEoBCurrentMK10E	32	static
edmi_mk10e.h:1622:13:readEoBEnergyMK10E	8	static
edmi_mk10e.h:1655:13:readEoBStanMK10E	8	static
edmi_mk10e.h:1690:6:saveEoBDataMK10E	8	static
edmi.c:25:5:datasize	24	static
edmi.c:32:5:datasizeChar	24	static
edmi.c:39:6:dataclear	24	static
edmi.c:56:8:hex2Double	72	static
edmi.c:77:7:hex2Float	16	static
edmi.c:89:6:hex2Long	16	static
edmi.c:101:15:hex2ULong	16	static
edmi.c:113:5:hex2Int	16	static
edmi.c:120:5:hex2IntInv	16	static
edmi.c:127:14:hex2UInt	16	static
edmi.c:134:14:hex2UIntInv	16	static
edmi.c:141:6:SerialMonprintln	40	dynamic
edmi.c:150:6:SerialMtrprint	24	static
edmi.c:154:6:SerialMtrread	24	static
edmi.c:158:6:printData	24	static
edmi.c:165:6:printDataChar	24	static
edmi.c:172:5:loginToMeter	8	static
edmi.c:191:6:loginToMeterRTOS	8	static
edmi.c:196:6:readMeterAllFunctions	16	static
