stm32l4xx_it.c:66:6:SDTimer_Handler	4	static
stm32l4xx_it.c:75:13:tx_com	16	static
stm32l4xx_it.c:100:6:NMI_Handler	4	static
stm32l4xx_it.c:113:6:HardFault_Handler	4	static
stm32l4xx_it.c:128:6:MemManage_Handler	4	static
stm32l4xx_it.c:143:6:BusFault_Handler	4	static
stm32l4xx_it.c:158:6:UsageFault_Handler	4	static
stm32l4xx_it.c:173:6:DebugMon_Handler	4	static
stm32l4xx_it.c:193:6:EXTI9_5_IRQHandler	16	static
stm32l4xx_it.c:213:6:TIM2_IRQHandler	8	static
stm32l4xx_it.c:227:6:USART1_IRQHandler	8	static
stm32l4xx_it.c:241:6:USART2_IRQHandler	8	static
stm32l4xx_it.c:255:6:USART3_IRQHandler	8	static
