main.c:281:16:platform_read	24	static
main.c:273:16:platform_write	24	static
main.c:3466:6:check_vmon	8	static
main.c:3428:6:check_vbat	24	static
main.c:268:13:tx_com.constprop	0	static
main.c:2839:6:read_gyro	48	static
main.c:3362:6:send_hard_bit	1136	static
mdm_sim7070g.h:75:6:set_rtc_time	56	static
mdm_sim7070g.h:136:6:set_rtc_time_cclk	56	static
mdm_sim7070g.h:199:5:buffsizeSIM	0	static
mdm_sim7070g.h:206:6:buffclearSIM	0	static
mdm_sim7070g.h:214:6:SerialMonprintlnSIM	16	dynamic
mdm_sim7070g.h:222:6:SerialATprintln	16	dynamic
mdm_sim7070g.h:230:6:SerialATreadString	0	static
mdm_sim7070g.h:235:5:check_GPRS	8	static
mdm_sim7070g.h:240:6:enable_modem	8	static
mdm_sim7070g.h:247:6:get_config	168	static
mdm_sim7070g.h:352:6:setup_modem_nortos	16	static
mdm_sim7070g.h:388:6:setup_modem_1st	24	static
mdm_sim7070g.h:445:6:set_cntp	24	static
mdm_sim7070g.h:467:6:setup_RTC_periode	8	static
mdm_sim7070g.h:471:6:setup_modem	24	static
mdm_sim7070g.h:513:6:sendToServer	48	dynamic
mdm_sim7070g.h:597:6:sendMQTT	24	static
mdm_sim7070g.h:662:6:mqtt_demo	32	static
stdio.h:214:5:fputc	16	static
main.c:146:5:_write	8	static
main.c:217:6:hard_reset_rtos	8	static
main.c:223:6:restartModem	8	static
main.c:228:6:runGyro	0	static
main.c:233:5:datauart3size	0	static
main.c:240:5:bufsize	0	static
main.c:247:5:bufsizechararray	0	static
main.c:254:6:bufclear	0	static
main.c:263:5:charToInt	0	static
main.c:703:6:reset_mqtt	16	static
main.c:740:6:NB_rst_rtos	8	static
main.c:750:6:NB_rst1	8	static
main.c:759:6:NB_rst1_rtos	8	static
main.c:768:6:NB_rst	8	static
main.c:778:6:ATCOMMAND	136	static
main.c:791:6:modem_reset_rtos	176	static
main.c:289:6:sendMQTTMAIN	40	static
main.c:855:6:NBIOT_setup	304	static
main.c:915:6:NBIOT_setup_IT	8	static
main.c:961:6:MQTT_setup	16	static
main.c:994:6:LSM6DSL_readRegister	32	static
main.c:1008:6:LSM6DSL_setup	32	static
main.c:1086:6:writeToSD1	16	static
main.c:1744:6:read_sn_edmi	16	static
main.c:398:6:sendMQTTpwr	40	static
main.c:2759:6:main_program	56	static
main.c:534:6:sendSimple	40	static
main.c:1126:6:read_instant_mk6n	48	static
main.c:1197:6:read_eob_mk6n	40	static
main.c:1294:6:read_lp_mk6n	40	static
main.c:1462:6:read_instant_mk10e	24	static
main.c:3277:6:read_instant	1192	static
main.c:1533:6:read_eob_mk10e	24	static
main.c:3060:6:read_EoB	1192	static
main.c:1638:6:read_lp_mk10e	32	static
main.c:3144:6:read_LP	1200	static
main.c:2902:6:send_data_to_server	64	static
main.c:2081:6:SystemClock_Config	208	static
main.c:1776:5:main	296	static
main.c:2526:6:HAL_UART_RxCpltCallback	56	static
main.c:3500:6:HAL_TIM_PeriodElapsedCallback	0	static
main.c:3517:6:Error_Handler	0	static
