stm32l4xx_hal_msp.c:64:6:HAL_MspInit	8	static
stm32l4xx_hal_msp.c:86:6:HAL_ADC_MspInit	40	static
stm32l4xx_hal_msp.c:119:6:HAL_ADC_MspDeInit	0	static
stm32l4xx_hal_msp.c:147:6:HAL_I2C_MspInit	40	static
stm32l4xx_hal_msp.c:183:6:HAL_I2C_MspDeInit	8	static
stm32l4xx_hal_msp.c:214:6:HAL_RTC_MspInit	0	static
stm32l4xx_hal_msp.c:236:6:HAL_RTC_MspDeInit	0	static
stm32l4xx_hal_msp.c:258:6:HAL_SPI_MspInit	40	static
stm32l4xx_hal_msp.c:295:6:HAL_SPI_MspDeInit	0	static
stm32l4xx_hal_msp.c:325:6:HAL_UART_MspInit	56	static
stm32l4xx_hal_msp.c:418:6:HAL_UART_MspDeInit	8	static
