main.c:101:5:bufsize	24	static
main.c:108:5:bufsizechararray	24	static
main.c:115:6:bufclear	16	static
main.c:124:6:GPIOTest	8	static
main.c:143:6:UARTTest	8	static
main.c:151:6:RS485Send	16	static
main.c:159:6:RS485Recv	16	static
main.c:171:5:main	8	static
main.c:223:6:SystemClock_Config	72	static
main.c:262:13:MX_I2C1_Init	8	static
main.c:296:13:MX_SPI1_Init	8	static
main.c:334:13:MX_USART1_UART_Init	8	static
main.c:367:13:MX_USART2_UART_Init	8	static
main.c:400:13:MX_USART3_UART_Init	8	static
main.c:433:13:MX_GPIO_Init	40	static
main.c:489:6:Error_Handler	4	static
